  [fau-aibo] 18216 samples (51 speakers), discarded=0, split='train' → 11577 samples (train=35/val=7/test=9 speakers)
  [fau-aibo] 18216 samples (51 speakers), discarded=0, split='val' → 3250 samples (train=35/val=7/test=9 speakers)
  [fau-aibo] 18216 samples (51 speakers), discarded=0, split='all' → 18216 samples (train=35/val=7/test=9 speakers)
[SSLBackbone] Loaded microsoft/wavlm-base-sv
[SSLBackbone] Frozen wavlm — 94,381,936 params frozen
Model params: 95,086,240 total, 704,304 trainable
Epoch 1: train_wa=0.6382, val_wa=0.6197, best=0.0000
Epoch 2: train_wa=0.6736, val_wa=0.6357, best=0.6197
Epoch 3: train_wa=0.6839, val_wa=0.6388, best=0.6357
Epoch 4: train_wa=0.6883, val_wa=0.6360, best=0.6388
Traceback (most recent call last):
  File "D:\大学\论文\儿童语音情绪识别\新方案-分布驱动儿童SER\src\train.py", line 286, in <module>
    main()
  File "D:\大学\论文\儿童语音情绪识别\新方案-分布驱动儿童SER\src\train.py", line 233, in main
    train_loss, train_wa, train_uar = train_epoch(model, dls['train'], optimizer, criterion)
  File "D:\大学\论文\儿童语音情绪识别\新方案-分布驱动儿童SER\src\train.py", line 127, in train_epoch
    logits = model(waveforms, lengths=lengths)
  File "C:\Users\59892\miniconda3\envs\torch\lib\site-packages\torch\nn\modules\module.py", line 1739, in _wrapped_call_impl
    return self._call_impl(*args, **kwargs)
  File "C:\Users\59892\miniconda3\envs\torch\lib\site-packages\torch\nn\modules\module.py", line 1750, in _call_impl
    return forward_call(*args, **kwargs)
  File "D:\大学\论文\儿童语音情绪识别\新方案-分布驱动儿童SER\src\train.py", line 54, in forward
    _, all_hidden = self.backbone(waveforms, return_all_layers=True)
  File "C:\Users\59892\miniconda3\envs\torch\lib\site-packages\torch\nn\modules\module.py", line 1739, in _wrapped_call_impl
    return self._call_impl(*args, **kwargs)
  File "C:\Users\59892\miniconda3\envs\torch\lib\site-packages\torch\nn\modules\module.py", line 1750, in _call_impl
    return forward_call(*args, **kwargs)
  File "D:\大学\论文\儿童语音情绪识别\新方案-分布驱动儿童SER\src\models\ssl_backbone.py", line 164, in forward
    outputs = self.backbone(waveforms, output_hidden_states=True)
  File "C:\Users\59892\miniconda3\envs\torch\lib\site-packages\torch\nn\modules\module.py", line 1739, in _wrapped_call_impl
    return self._call_impl(*args, **kwargs)
  File "C:\Users\59892\miniconda3\envs\torch\lib\site-packages\torch\nn\modules\module.py", line 1750, in _call_impl
    return forward_call(*args, **kwargs)
  File "C:\Users\59892\miniconda3\envs\torch\lib\site-packages\transformers\models\wavlm\modeling_wavlm.py", line 1216, in forward
    extract_features = self.feature_extractor(input_values)
  File "C:\Users\59892\miniconda3\envs\torch\lib\site-packages\torch\nn\modules\module.py", line 1739, in _wrapped_call_impl
    return self._call_impl(*args, **kwargs)
  File "C:\Users\59892\miniconda3\envs\torch\lib\site-packages\torch\nn\modules\module.py", line 1750, in _call_impl
    return forward_call(*args, **kwargs)
  File "C:\Users\59892\miniconda3\envs\torch\lib\site-packages\transformers\models\wavlm\modeling_wavlm.py", line 368, in forward
    hidden_states = conv_layer(hidden_states)
  File "C:\Users\59892\miniconda3\envs\torch\lib\site-packages\torch\nn\modules\module.py", line 1739, in _wrapped_call_impl
    return self._call_impl(*args, **kwargs)
  File "C:\Users\59892\miniconda3\envs\torch\lib\site-packages\torch\nn\modules\module.py", line 1750, in _call_impl
    return forward_call(*args, **kwargs)
  File "C:\Users\59892\miniconda3\envs\torch\lib\site-packages\transformers\models\wavlm\modeling_wavlm.py", line 212, in forward
    hidden_states = self.conv(hidden_states)
  File "C:\Users\59892\miniconda3\envs\torch\lib\site-packages\torch\nn\modules\module.py", line 1739, in _wrapped_call_impl
    return self._call_impl(*args, **kwargs)
  File "C:\Users\59892\miniconda3\envs\torch\lib\site-packages\torch\nn\modules\module.py", line 1750, in _call_impl
    return forward_call(*args, **kwargs)
  File "C:\Users\59892\miniconda3\envs\torch\lib\site-packages\torch\nn\modules\conv.py", line 375, in forward
    return self._conv_forward(input, self.weight, self.bias)
  File "C:\Users\59892\miniconda3\envs\torch\lib\site-packages\torch\nn\modules\conv.py", line 370, in _conv_forward
    return F.conv1d(
RuntimeError: cuDNN error: CUDNN_STATUS_EXECUTION_FAILED
EXIT_CODE=1
